Microchip MPLAB XC8 Compiler V3.10

Linker command line:

-W-3 \
  --edf=C:\Program Files\Microchip\xc8\v3.10\pic\dat\20250813170317_en.msgs \
  -cn -h+dist/default/production\ECU3.X.production.sym \
  --cmf=dist/default/production\ECU3.X.production.cmf -z -Q18F4580 \
  -oC:\Users\GUHANE~1\AppData\Local\Temp\xcAs5t4.0\driver_tmp_3.o \
  --defsym=__MPLAB_BUILD=1 --fixupoverflow=error \
  -Mdist/default/production/ECU3.X.production.map \
  --md=C:\Users\GUHANE~1\AppData\Local\Temp\xcAs5t4.0\driver_tmp_0.dat -E1 \
  -ver=XC8 Compiler -ACODE=00h-03000h -ACONST=00h-03000h \
  -ASMALLCONST=0600h-06FFhx42,03000h-03000h -AMEDIUMCONST=0600h-03000h \
  -ACOMRAM=01h-05Fh -AABS1=00h-05FFh -ABIGRAM=01h-05FFh \
  -ARAM=060h-0FFh,0100h-01FFhx5 -ABANK0=060h-0FFh -ABANK1=0100h-01FFh \
  -ABANK2=0200h-02FFh -ABANK3=0300h-03FFh -ABANK4=0400h-04FFh \
  -ABANK5=0500h-05FFh -ASFR=0D00h-0DFFhx2,0F00h-0F5Fh,0F60h-0FFFh \
  -ABIGSFR=0D00h-0FFFh -ACONFIG=0300000h-030000Dh -AIDLOC=0200000h-0200007h \
  -AEEDATA=0F00000h-0F000FFh -peeprom_data=EEDATA \
  -preset_vec=00h,intcode=8h,intcodelo=18h,sivt_lo,sivt_hi=CODE \
  -ppowerup=CODE,init -pramtop=0600h -psmallconst=SMALLCONST \
  -pmediumconst=MEDIUMCONST -pconst=CONST -AFARRAM=00h-00h \
  -prdata=COMRAM,nvrram=COMRAM,nvbit=COMRAM,rbss=COMRAM,rbit=COMRAM \
  -pfarbss=FARRAM,fardata=FARRAM,nvFARRAM=FARRAM \
  -pintsave_regs=BIGRAM,bigbss=BIGRAM,bigdata=BIGRAM -pbss=RAM \
  -pidata=CODE,irdata=CODE,ibigdata=CODE,ifardata=CODE -prparam=COMRAM \
  C:\Users\GUHANE~1\AppData\Local\Temp\xcAs5t4.0\driver_tmp_9.o \
  dist/default/production\ECU3.X.production.o 

Object code version is 3.11

Machine type is 18F4580



                Name                               Link     Load   Length Selector   Space Scale
C:\Users\GUHANE~1\AppData\Local\Temp\xcAs5t4.0\driver_tmp_9.o
                init                                  E        E        4        4       0
                reset_vec                             0        0        4        0       0
dist/default/production\ECU3.X.production.o
                intcode                               8        8        6        4       0
                mediumconst                        2FE8     2FE8       18     17F4       0
                intcode_body                        778      778       4C        4       0
                text21                              7C4      7C4       44        4       0
                text20                              8B0      8B0       34        4       0
                text19                              362      362       AE        4       0
                text18                              98C      98C        A        4       0
                text17                              95A      95A       1C        4       0
                text16                              93E      93E       1C        4       0
                text15                              976      976       16        4       0
                text14                              842      842       3A        4       0
                text13                              4AC      4AC       96        4       0
                text12                              542      542       90        4       0
                text11                              5D2      5D2       72        4       0
                text10                              6B2      6B2       64        4       0
                text9                               106      106       D8        4       0
                text8                               644      644       6E        4       0
                text7                               87C      87C       34        4       0
                text6                               8E4      8E4       32        4       0
                text5                               716      716       62        4       0
                text4                               1DE      1DE       CA        4       0
                text3                               410      410       9C        4       0
                text2                               2A8      2A8       BA        4       0
                text1                                12       12       F4        4       0
                text0                               916      916       28        4       0
                cstackCOMRAM                          2        2       28        2       1
                dataCOMRAM                           2A       2A        8        2       1
                bssCOMRAM                            32       32        6        2       1
                cinit                               808      808       3A        4       0
                idataCOMRAM                         996      996        8        4       0

TOTAL           Name                               Link     Load   Length     Space
        CLASS   CODE           
                intcode                               8        8        6         0
                init                                  E        E        4         0
                reset_vec                             0        0        4         0
                intcode_body                        778      778       4C         0
                text21                              7C4      7C4       44         0
                text20                              8B0      8B0       34         0
                text19                              362      362       AE         0
                text18                              98C      98C        A         0
                text17                              95A      95A       1C         0
                text16                              93E      93E       1C         0
                text15                              976      976       16         0
                text14                              842      842       3A         0
                text13                              4AC      4AC       96         0
                text12                              542      542       90         0
                text11                              5D2      5D2       72         0
                text10                              6B2      6B2       64         0
                text9                               106      106       D8         0
                text8                               644      644       6E         0
                text7                               87C      87C       34         0
                text6                               8E4      8E4       32         0
                text5                               716      716       62         0
                text4                               1DE      1DE       CA         0
                text3                               410      410       9C         0
                text2                               2A8      2A8       BA         0
                text1                                12       12       F4         0
                text0                               916      916       28         0
                cinit                               808      808       3A         0
                idataCOMRAM                         996      996        8         0

        CLASS   CONST          

        CLASS   SMALLCONST     

        CLASS   MEDIUMCONST    
                mediumconst                        2FE8     2FE8       18         0

        CLASS   COMRAM         
                cstackCOMRAM                          2        2       28         1
                dataCOMRAM                           2A       2A        8         1
                bssCOMRAM                            32       32        6         1

        CLASS   ABS1           
                abs_s1                                1        1        1         1

        CLASS   BIGRAM         

        CLASS   RAM            

        CLASS   BANK0          

        CLASS   BANK1          

        CLASS   BANK2          

        CLASS   BANK3          

        CLASS   BANK4          

        CLASS   BANK5          

        CLASS   SFR            

        CLASS   BIGSFR         

        CLASS   CONFIG         

        CLASS   IDLOC          

        CLASS   EEDATA         

        CLASS   FARRAM         

        CLASS   HEAP           

        CLASS   STACK          



SEGMENTS        Name                           Load    Length   Top    Selector   Space  Class

                reset_vec                      000000  000004  000004         0       0  CODE    
                cstackCOMRAM                   000002  000036  000038         2       1  COMRAM  
                intcode                        000008  000996  00099E         4       0  CODE    
                mediumconst                    002FE8  000018  003000      17F4       0  MEDIUMCO


UNUSED ADDRESS RANGES

        Name                Unused          Largest block    Delta
        BANK0            0060-00FF             A0
        BANK1            0100-01FF            100
        BANK2            0200-02FF            100
        BANK3            0300-03FF            100
        BANK4            0400-04FF            100
        BANK5            0500-05FF            100
        BIGRAM           0038-05FF            5C8
        BIGSFR           0D00-0FFF            300
        CODE             0004-0007              4
                         099E-2FE7           264A
                         3000-3000              1
        COMRAM           0038-005F             28
        CONFIG           300000-30000D              E
        CONST            0004-0007              4
                         099E-2FE7           264A
                         3000-3000              1
        EEDATA           F00000-F000FF            100
        IDLOC            200000-200007              8
        MEDIUMCONST      099E-2FE7           264A
                         3000-3000              1
        RAM              0060-05FF            100
        SFR              0D00-0FFF            100
        SMALLCONST       099E-2FE7            100
                         3000-3000              1

                                  Symbol Table

?___lwdiv                         cstackCOMRAM 0002
?___lwmod                         cstackCOMRAM 0002
?_get_msg_id_std                  cstackCOMRAM 0002
_BRGCON1                          (abs)        0F70
_BRGCON2                          (abs)        0F71
_BRGCON3                          (abs)        0F72
_CANCON                           (abs)        0F6F
_CANSTAT                          (abs)        0F6E
_ECANCON                          (abs)        0F77
_GIE                              (abs)        7F97
_PEIE                             (abs)        7F96
_PORTB                            (abs)        0F81
_PORTCbits                        (abs)        0F82
_PORTD                            (abs)        0F83
_PORTDbits                        (abs)        0F83
_PR2                              (abs)        0FCB
_RCIF                             (abs)        7CF5
_RCREG                            (abs)        0FAE
_RCSTAbits                        (abs)        0FAB
_RXB0CON                          (abs)        0F60
_RXB0D0                           (abs)        0F66
_RXB0DLC                          (abs)        0F65
_RXB0FUL                          (abs)        7B07
_RXB0IF                           (abs)        7D20
_RXB0SIDH                         (abs)        0F61
_RXB0SIDL                         (abs)        0F62
_RXF0EIDH                         (abs)        0F02
_RXF0EIDL                         (abs)        0F03
_RXF0SIDH                         (abs)        0F00
_RXF0SIDL                         (abs)        0F01
_RXFCON0                          (abs)        0DD4
_SPBRG                            (abs)        0FAF
_T2CKPS0                          (abs)        7E50
_T2CKPS1                          (abs)        7E51
_T2OUTPS0                         (abs)        7E53
_T2OUTPS1                         (abs)        7E54
_T2OUTPS2                         (abs)        7E55
_T2OUTPS3                         (abs)        7E56
_TMR2IE                           (abs)        7CE9
_TMR2IF                           (abs)        7CF1
_TMR2ON                           (abs)        7E52
_TRISB                            (abs)        0F93
_TRISB2                           (abs)        7C9A
_TRISB3                           (abs)        7C9B
_TRISC                            (abs)        0F94
_TRISC6                           (abs)        7CA6
_TRISC7                           (abs)        7CA7
_TRISD                            (abs)        0F95
_TRISD7                           (abs)        7CAF
_TXB0D0                           (abs)        0F46
_TXB0DLC                          (abs)        0F45
_TXB0EIDH                         (abs)        0F43
_TXB0EIDL                         (abs)        0F44
_TXB0REQ                          (abs)        7A03
_TXB0SIDH                         (abs)        0F41
_TXB0SIDL                         (abs)        0F42
_TXIF                             (abs)        7CF4
_TXREG                            (abs)        0FAD
_TXSTAbits                        (abs)        0FAC
__HRAM                            (abs)        0000
__H__absolute__                   __absolute__ 0000
__Habs1                           abs1         0000
__Hbank0                          bank0        0000
__Hbank1                          bank1        0000
__Hbank2                          bank2        0000
__Hbank3                          bank3        0000
__Hbank4                          bank4        0000
__Hbank5                          bank5        0000
__Hbigbss                         bigbss       0000
__Hbigdata                        bigdata      0000
__Hbigram                         bigram       0000
__Hbigsfr                         bigsfr       0000
__Hbss                            bss          0000
__HbssCOMRAM                      bssCOMRAM    0000
__Hcinit                          cinit        0000
__Hclrtext                        clrtext      0000
__Hcomram                         comram       0000
__Hconfig                         config       0000
__Hconst                          const        0000
__HcstackCOMRAM                   cstackCOMRAM 0000
__Hdata                           data         0000
__HdataCOMRAM                     dataCOMRAM   0000
__Heeprom_data                    eeprom_data  0000
__Hfarbss                         farbss       0000
__Hfardata                        fardata      0000
__Hheap                           heap         0000
__Hibigdata                       ibigdata     0000
__Hidata                          idata        0000
__HidataCOMRAM                    idataCOMRAM  0000
__Hidloc                          idloc        0000
__Hifardata                       ifardata     0000
__Hinit                           init         0012
__Hintcode                        intcode      000E
__Hintcode_body                   intcode_body 0000
__Hintcodelo                      intcodelo    0018
__Hintentry                       intentry     0000
__Hintret                         intret       0000
__Hintsave_regs                   intsave_regs 0000
__Hirdata                         irdata       0000
__Hmediumconst                    mediumconst  3000
__HnvFARRAM                       nvFARRAM     0000
__Hnvbit                          nvbit        0000
__Hnvrram                         nvrram       0000
__Hparam                          rparam       0000
__Hpowerup                        powerup      0000
__Hram                            ram          0000
__Hramtop                         ramtop       0600
__Hrbit                           rbit         0000
__Hrbss                           rbss         0000
__Hrdata                          rdata        0000
__Hreset_vec                      reset_vec    0004
__Hrparam                         rparam       0000
__Hsfr                            sfr          0000
__Hsivt_hi                        sivt_hi      0000
__Hsivt_lo                        sivt_lo      0018
__Hsmallconst                     smallconst   0000
__Hspace_0                        (abs)        3000
__Hspace_1                        (abs)        0038
__Hspace_2                        (abs)        0000
__Hspace_4                        (abs)        0000
__Hstack                          stack        0000
__Hstruct                         struct       0000
__Htemp                           temp         0000
__Htext                           text         0000
__Htext0                          text0        0000
__Htext1                          text1        0000
__Htext10                         text10       0000
__Htext11                         text11       0000
__Htext12                         text12       0000
__Htext13                         text13       0000
__Htext14                         text14       0000
__Htext15                         text15       0000
__Htext16                         text16       0000
__Htext17                         text17       0000
__Htext18                         text18       0000
__Htext19                         text19       0000
__Htext2                          text2        0000
__Htext20                         text20       0000
__Htext21                         text21       0000
__Htext3                          text3        0000
__Htext4                          text4        0000
__Htext5                          text5        0000
__Htext6                          text6        0000
__Htext7                          text7        0000
__Htext8                          text8        0000
__Htext9                          text9        0000
__LRAM                            (abs)        0001
__L__absolute__                   __absolute__ 0000
__Labs1                           abs1         0000
__Lbank0                          bank0        0000
__Lbank1                          bank1        0000
__Lbank2                          bank2        0000
__Lbank3                          bank3        0000
__Lbank4                          bank4        0000
__Lbank5                          bank5        0000
__Lbigbss                         bigbss       0000
__Lbigdata                        bigdata      0000
__Lbigram                         bigram       0000
__Lbigsfr                         bigsfr       0000
__Lbss                            bss          0000
__LbssCOMRAM                      bssCOMRAM    0000
__Lcinit                          cinit        0000
__Lclrtext                        clrtext      0000
__Lcomram                         comram       0000
__Lconfig                         config       0000
__Lconst                          const        0000
__LcstackCOMRAM                   cstackCOMRAM 0000
__Ldata                           data         0000
__LdataCOMRAM                     dataCOMRAM   0000
__Leeprom_data                    eeprom_data  0000
__Lfarbss                         farbss       0000
__Lfardata                        fardata      0000
__Lheap                           heap         0000
__Libigdata                       ibigdata     0000
__Lidata                          idata        0000
__LidataCOMRAM                    idataCOMRAM  0000
__Lidloc                          idloc        0000
__Lifardata                       ifardata     0000
__Linit                           init         000E
__Lintcode                        intcode      0008
__Lintcode_body                   intcode_body 0000
__Lintcodelo                      intcodelo    0018
__Lintentry                       intentry     0000
__Lintret                         intret       0000
__Lintsave_regs                   intsave_regs 0000
__Lirdata                         irdata       0000
__Lmediumconst                    mediumconst  2FE8
__LnvFARRAM                       nvFARRAM     0000
__Lnvbit                          nvbit        0000
__Lnvrram                         nvrram       0000
__Lparam                          rparam       0000
__Lpowerup                        powerup      0000
__Lram                            ram          0000
__Lramtop                         ramtop       0600
__Lrbit                           rbit         0000
__Lrbss                           rbss         0000
__Lrdata                          rdata        0000
__Lreset_vec                      reset_vec    0000
__Lrparam                         rparam       0000
__Lsfr                            sfr          0000
__Lsivt_hi                        sivt_hi      0000
__Lsivt_lo                        sivt_lo      0018
__Lsmallconst                     smallconst   0000
__Lspace_0                        (abs)        0000
__Lspace_1                        (abs)        0000
__Lspace_2                        (abs)        0000
__Lspace_4                        (abs)        0000
__Lstack                          stack        0000
__Lstruct                         struct       0000
__Ltemp                           temp         0000
__Ltext                           text         0000
__Ltext0                          text0        0000
__Ltext1                          text1        0000
__Ltext10                         text10       0000
__Ltext11                         text11       0000
__Ltext12                         text12       0000
__Ltext13                         text13       0000
__Ltext14                         text14       0000
__Ltext15                         text15       0000
__Ltext16                         text16       0000
__Ltext17                         text17       0000
__Ltext18                         text18       0000
__Ltext19                         text19       0000
__Ltext2                          text2        0000
__Ltext20                         text20       0000
__Ltext21                         text21       0000
__Ltext3                          text3        0000
__Ltext4                          text4        0000
__Ltext5                          text5        0000
__Ltext6                          text6        0000
__Ltext7                          text7        0000
__Ltext8                          text8        0000
__Ltext9                          text9        0000
__S0                              (abs)        3000
__S1                              (abs)        0038
__S4                              (abs)        0000
__S5                              (abs)        0000
___heap_hi                        (abs)        0000
___heap_lo                        (abs)        0000
___inthi_sp                       stack        0000
___inthi_stack_hi                 stack        0000
___inthi_stack_lo                 stack        0000
___intlo_sp                       stack        0000
___intlo_stack_hi                 stack        0000
___intlo_stack_lo                 stack        0000
___lwdiv                          text11       05D2
___lwdiv@counter                  cstackCOMRAM 0008
___lwdiv@dividend                 cstackCOMRAM 0002
___lwdiv@divisor                  cstackCOMRAM 0004
___lwdiv@quotient                 cstackCOMRAM 0006
___lwmod                          text10       06B2
___lwmod@counter                  cstackCOMRAM 0006
___lwmod@dividend                 cstackCOMRAM 0002
___lwmod@divisor                  cstackCOMRAM 0004
___param_bank                     (abs)        0000
___rparam_used                    (abs)        0001
___sp                             stack        0000
___stack_hi                       stack        0000
___stack_lo                       stack        0000
__accesstop                       (abs)        0060
__activetblptr                    (abs)        0002
__end_of___lwdiv                  text11       0644
__end_of___lwmod                  text10       0716
__end_of__initialization          cinit        0834
__end_of_can_receive              text13       0542
__end_of_get_msg_id_std           text14       087C
__end_of_handle_engine_temp_data  text8        06B2
__end_of_handle_gear_data         text6        0916
__end_of_handle_indicator_data    text5        0778
__end_of_handle_rpm_data          text4        02A8
__end_of_handle_speed_data        text3        04AC
__end_of_init_can                 text21       0808
__end_of_init_config              text15       098C
__end_of_init_lcd                 text19       0410
__end_of_init_leds                text18       0996
__end_of_init_tim2                text17       0976
__end_of_init_uart                text16       095A
__end_of_isr                      intcode_body 07C4
__end_of_lcd_putch                text7        08B0
__end_of_lcd_putstr               text12       05D2
__end_of_lcd_write                text20       08E4
__end_of_main                     text0        093E
__end_of_my_itoa                  text9        01DE
__end_of_process_canbus_data      text2        0362
__end_of_update_indicator_display text1        0106
__initialization                  cinit        0808
__mediumconst                     mediumconst  2FE8
__pbssCOMRAM                      bssCOMRAM    0032
__pcinit                          cinit        0808
__pcstackCOMRAM                   cstackCOMRAM 0002
__pdataCOMRAM                     dataCOMRAM   002A
__pidataCOMRAM                    idataCOMRAM  0996
__pintcode                        intcode      0008
__pintcode_body                   intcode_body 0778
__pmediumconst                    mediumconst  2FE8
__ptext0                          text0        0916
__ptext1                          text1        0012
__ptext10                         text10       06B2
__ptext11                         text11       05D2
__ptext12                         text12       0542
__ptext13                         text13       04AC
__ptext14                         text14       0842
__ptext15                         text15       0976
__ptext16                         text16       093E
__ptext17                         text17       095A
__ptext18                         text18       098C
__ptext19                         text19       0362
__ptext2                          text2        02A8
__ptext20                         text20       08B0
__ptext21                         text21       07C4
__ptext3                          text3        0410
__ptext4                          text4        01DE
__ptext5                          text5        0716
__ptext6                          text6        08E4
__ptext7                          text7        087C
__ptext8                          text8        0644
__ptext9                          text9        0106
__ramtop                          ramtop       0600
__smallconst                      mediumconst  2FE8
_can_receive                      text13       04AC
_gear                             dataCOMRAM   002A
_get_msg_id_std                   text14       0842
_handle_engine_temp_data          text8        0644
_handle_gear_data                 text6        08E4
_handle_indicator_data            text5        0716
_handle_rpm_data                  text4        01DE
_handle_speed_data                text3        0410
_hazard_status                    bssCOMRAM    0034
_init_can                         text21       07C4
_init_config                      text15       0976
_init_lcd                         text19       0362
_init_leds                        text18       098C
_init_tim2                        text17       095A
_init_uart                        text16       093E
_isr                              intcode      0008
_lcd_putch                        text7        087C
_lcd_putstr                       text12       0542
_lcd_write                        text20       08B0
_left_indi_status                 bssCOMRAM    0036
_main                             text0        0916
_my_itoa                          text9        0106
_process_canbus_data              text2        02A8
_right_indi_status                bssCOMRAM    0035
_sec_flag                         bssCOMRAM    0037
_update_indicator_display         text1        0012
btemp                             (abs)        0001
btemp0                            (abs)        0001
btemp1                            (abs)        0002
can_receive@data                  cstackCOMRAM 000B
can_receive@i                     cstackCOMRAM 0012
can_receive@len                   cstackCOMRAM 000C
can_receive@msg_id                cstackCOMRAM 000A
can_receive@ptr                   cstackCOMRAM 0010
end_of_initialization             cinit        0834
get_msg_id_std@id                 cstackCOMRAM 0008
handle_engine_temp_data@data      cstackCOMRAM 0010
handle_engine_temp_data@len       cstackCOMRAM 0011
handle_engine_temp_data@temp      cstackCOMRAM 001B
handle_engine_temp_data@temp_str  cstackCOMRAM 0015
handle_gear_data@data             cstackCOMRAM 0008
handle_gear_data@gear_pos         cstackCOMRAM 000A
handle_gear_data@len              cstackCOMRAM 0009
handle_indicator_data@data        cstackCOMRAM 0002
handle_indicator_data@indi        cstackCOMRAM 0004
handle_indicator_data@len         cstackCOMRAM 0003
handle_rpm_data@data              cstackCOMRAM 0010
handle_rpm_data@len               cstackCOMRAM 0011
handle_rpm_data@rpm               cstackCOMRAM 001B
handle_rpm_data@rpm_str           cstackCOMRAM 0015
handle_speed_data@data            cstackCOMRAM 0010
handle_speed_data@len             cstackCOMRAM 0011
handle_speed_data@speed           cstackCOMRAM 001B
handle_speed_data@speed_str       cstackCOMRAM 0015
int$flags                         (abs)        0001
int_func                          intcode_body 0778
intlevel0                         text         0000
intlevel1                         text         0000
intlevel2                         text         0000
intlevel3                         text         0000
isa$std                           (abs)        0001
isa$xinst                         (abs)        0000
isr@count                         bssCOMRAM    0032
lcd_putch@addr                    cstackCOMRAM 0007
lcd_putch@ch                      cstackCOMRAM 0006
lcd_putch@line                    cstackCOMRAM 0004
lcd_putch@pos                     cstackCOMRAM 0005
lcd_putstr@addr                   cstackCOMRAM 0008
lcd_putstr@line                   cstackCOMRAM 0006
lcd_putstr@pos                    cstackCOMRAM 0007
lcd_putstr@str                    cstackCOMRAM 0004
lcd_write@data                    cstackCOMRAM 0003
lcd_write@type                    cstackCOMRAM 0002
my_itoa@digits                    cstackCOMRAM 000C
my_itoa@num                       cstackCOMRAM 0009
my_itoa@str                       cstackCOMRAM 000B
my_itoa@temp                      cstackCOMRAM 000E
process_canbus_data@data          cstackCOMRAM 001F
process_canbus_data@len           cstackCOMRAM 0029
process_canbus_data@msg_id        cstackCOMRAM 0027
stackhi                           (abs)        0000
stacklo                           (abs)        0000
start                             init         000E
start_initialization              cinit        0808


MODULE INFORMATION

Module		Function		Class		Link	Load	Size
C:\Program Files\Microchip\xc8\v3.10\pic\sources\c99\common\lwmod.c
		___lwmod       		CODE           	06B2	0000	100

C:\Program Files\Microchip\xc8\v3.10\pic\sources\c99\common\lwmod.c estimated size: 100

uart.c
		_init_uart     		CODE           	093E	0000	28

uart.c estimated size: 28

timer2.c
		_init_tim2     		CODE           	095A	0000	28

timer2.c estimated size: 28

message_handler.c
		_update_indicator_display		CODE           	0012	0000	244
		_handle_gear_data		CODE           	08E4	0000	50
		_handle_speed_data		CODE           	0410	0000	156
		_handle_indicator_data		CODE           	0716	0000	98
		_my_itoa       		CODE           	0106	0000	216
		_handle_rpm_data		CODE           	01DE	0000	202
		_process_canbus_data		CODE           	02A8	0000	186
		_handle_engine_temp_data		CODE           	0644	0000	110

message_handler.c estimated size: 1262

C:\Program Files\Microchip\xc8\v3.10\pic\sources\c99\common\lwdiv.c
		___lwdiv       		CODE           	05D2	0000	114

C:\Program Files\Microchip\xc8\v3.10\pic\sources\c99\common\lwdiv.c estimated size: 114

isr.c
		_isr           		CODE           	0008	0000	82

isr.c estimated size: 82

shared
		__initialization		CODE           	0808	0000	44

shared estimated size: 44

can.c
		_init_can      		CODE           	07C4	0000	68
		_can_receive   		CODE           	04AC	0000	150
		_get_msg_id_std		CODE           	0842	0000	58

can.c estimated size: 276

lcd.c
		_lcd_putch     		CODE           	087C	0000	52
		_lcd_putstr    		CODE           	0542	0000	144
		_init_lcd      		CODE           	0362	0000	174
		_lcd_write     		CODE           	08B0	0000	52

lcd.c estimated size: 422

main.c
		_init_leds     		CODE           	098C	0000	10
		_main          		CODE           	0916	0000	40
		_init_config   		CODE           	0976	0000	22

main.c estimated size: 72

