Microchip MPLAB XC8 Compiler V3.10

Linker command line:

-W-3 \
  --edf=C:\Program Files\Microchip\xc8\v3.10\pic\dat\20250813170317_en.msgs \
  -cn -h+dist/default/production\ECU2.X.production.sym \
  --cmf=dist/default/production\ECU2.X.production.cmf -z -Q18F4580 \
  -oC:\Users\GUHANE~1\AppData\Local\Temp\xcBs9c.1\driver_tmp_3.o \
  --defsym=__MPLAB_BUILD=1 --fixupoverflow=error \
  -Mdist/default/production/ECU2.X.production.map \
  --md=C:\Users\GUHANE~1\AppData\Local\Temp\xcBs9c.1\driver_tmp_0.dat -E1 \
  -ver=XC8 Compiler -ACODE=00h-03000h -ACONST=00h-03000h \
  -ASMALLCONST=0600h-06FFhx42,03000h-03000h -AMEDIUMCONST=0600h-03000h \
  -ACOMRAM=01h-05Fh -AABS1=00h-05FFh -ABIGRAM=01h-05FFh \
  -ARAM=060h-0FFh,0100h-01FFhx5 -ABANK0=060h-0FFh -ABANK1=0100h-01FFh \
  -ABANK2=0200h-02FFh -ABANK3=0300h-03FFh -ABANK4=0400h-04FFh \
  -ABANK5=0500h-05FFh -ASFR=0D00h-0DFFhx2,0F00h-0F5Fh,0F60h-0FFFh \
  -ABIGSFR=0D00h-0FFFh -ACONFIG=0300000h-030000Dh -AIDLOC=0200000h-0200007h \
  -AEEDATA=0F00000h-0F000FFh -peeprom_data=EEDATA \
  -preset_vec=00h,intcode=8h,intcodelo=18h,sivt_lo,sivt_hi=CODE \
  -ppowerup=CODE,init -pramtop=0600h -psmallconst=SMALLCONST \
  -pmediumconst=MEDIUMCONST -pconst=CONST -AFARRAM=00h-00h \
  -prdata=COMRAM,nvrram=COMRAM,nvbit=COMRAM,rbss=COMRAM,rbit=COMRAM \
  -pfarbss=FARRAM,fardata=FARRAM,nvFARRAM=FARRAM \
  -pintsave_regs=BIGRAM,bigbss=BIGRAM,bigdata=BIGRAM -pbss=RAM \
  -pidata=CODE,irdata=CODE,ibigdata=CODE,ifardata=CODE -prparam=COMRAM \
  C:\Users\GUHANE~1\AppData\Local\Temp\xcBs9c.1\driver_tmp_9.o \
  dist/default/production\ECU2.X.production.o 

Object code version is 3.11

Machine type is 18F4580



                Name                               Link     Load   Length Selector   Space Scale
C:\Users\GUHANE~1\AppData\Local\Temp\xcBs9c.1\driver_tmp_9.o
                init                               2FFC     2FFC        4     17FE       0
                reset_vec                             0        0        4        0       0
dist/default/production\ECU2.X.production.o
                mediumconst                        2FE2     2FE2       1A     17F1       0
                text20                             2562     2562       3A     12B1       0
                text19                             292A     292A       94     1495       0
                text18                             259C     259C       3C     12CE       0
                text17                             27D6     27D6       6E     13EB       0
                text16                             29BE     29BE       A4     14DF       0
                text15                             276C     276C       6A     13B6       0
                text14                             2844     2844       72     1422       0
                text13                             2708     2708       64     1384       0
                text12                             24FA     24FA       18     127D       0
                text11                             26AA     26AA       5E     1355       0
                text10                             261C     261C       46     130E       0
                text9                              2C98     2C98      186     164C       0
                text8                              2E1E     2E1E      1C4     170F       0
                text7                              252A     252A       1C     1295       0
                text6                              25D8     25D8       44     12EC       0
                text5                              24DC     24DC        8     126E       0
                text4                              2546     2546       1C     12A3       0
                text3                              2512     2512       18     1289       0
                text2                              28B6     28B6       74     145B       0
                text1                              2B6A     2B6A      12E     15B5       0
                text0                              2A62     2A62      108     1531       0
                cstackCOMRAM                          1        1       50        1       1
                dataBANK0                            60       60       16       60       1
                dataCOMRAM                           58       58        1        1       1
                bssCOMRAM                            51       51        7        1       1
                cinit                              2662     2662       48     1331       0
                idataBANK0                         24E4     24E4       16     24E4       0
                idataCOMRAM                        3000     3000        1     17FE       0

TOTAL           Name                               Link     Load   Length     Space
        CLASS   CODE           
                init                               2FFC     2FFC        4         0
                reset_vec                             0        0        4         0
                text20                             2562     2562       3A         0
                text19                             292A     292A       94         0
                text18                             259C     259C       3C         0
                text17                             27D6     27D6       6E         0
                text16                             29BE     29BE       A4         0
                text15                             276C     276C       6A         0
                text14                             2844     2844       72         0
                text13                             2708     2708       64         0
                text12                             24FA     24FA       18         0
                text11                             26AA     26AA       5E         0
                text10                             261C     261C       46         0
                text9                              2C98     2C98      186         0
                text8                              2E1E     2E1E      1C4         0
                text7                              252A     252A       1C         0
                text6                              25D8     25D8       44         0
                text5                              24DC     24DC        8         0
                text4                              2546     2546       1C         0
                text3                              2512     2512       18         0
                text2                              28B6     28B6       74         0
                text1                              2B6A     2B6A      12E         0
                text0                              2A62     2A62      108         0
                cinit                              2662     2662       48         0
                idataBANK0                         24E4     24E4       16         0
                idataCOMRAM                        3000     3000        1         0

        CLASS   CONST          

        CLASS   SMALLCONST     

        CLASS   MEDIUMCONST    
                mediumconst                        2FE2     2FE2       1A         0

        CLASS   COMRAM         
                cstackCOMRAM                          1        1       50         1
                dataCOMRAM                           58       58        1         1
                bssCOMRAM                            51       51        7         1

        CLASS   ABS1           

        CLASS   BIGRAM         

        CLASS   RAM            

        CLASS   BANK0          
                dataBANK0                            60       60       16         1

        CLASS   BANK1          

        CLASS   BANK2          

        CLASS   BANK3          

        CLASS   BANK4          

        CLASS   BANK5          

        CLASS   SFR            

        CLASS   BIGSFR         

        CLASS   CONFIG         

        CLASS   IDLOC          

        CLASS   EEDATA         

        CLASS   FARRAM         

        CLASS   HEAP           

        CLASS   STACK          



SEGMENTS        Name                           Load    Length   Top    Selector   Space  Class

                reset_vec                      000000  000004  000004         0       0  CODE    
                cstackCOMRAM                   000001  000058  000059         1       1  COMRAM  
                dataBANK0                      000060  000016  000076        60       1  BANK0   
                text5                          0024DC  000008  0024E4      126E       0  CODE    
                idataBANK0                     0024E4  000016  0024FA      24E4       0  CODE    
                text12                         0024FA  000018  002512      127D       0  CODE    
                text3                          002512  000018  00252A      1289       0  CODE    
                text7                          00252A  00001C  002546      1295       0  CODE    
                text4                          002546  00001C  002562      12A3       0  CODE    
                text20                         002562  00003A  00259C      12B1       0  CODE    
                text18                         00259C  00003C  0025D8      12CE       0  CODE    
                text6                          0025D8  000044  00261C      12EC       0  CODE    
                text10                         00261C  000046  002662      130E       0  CODE    
                cinit                          002662  000048  0026AA      1331       0  CODE    
                text11                         0026AA  00005E  002708      1355       0  CODE    
                text13                         002708  000064  00276C      1384       0  CODE    
                text15                         00276C  00006A  0027D6      13B6       0  CODE    
                text17                         0027D6  00006E  002844      13EB       0  CODE    
                text14                         002844  000072  0028B6      1422       0  CODE    
                text2                          0028B6  000074  00292A      145B       0  CODE    
                text19                         00292A  000094  0029BE      1495       0  CODE    
                text16                         0029BE  0000A4  002A62      14DF       0  CODE    
                text0                          002A62  000108  002B6A      1531       0  CODE    
                text1                          002B6A  00012E  002C98      15B5       0  CODE    
                text9                          002C98  000186  002E1E      164C       0  CODE    
                text8                          002E1E  0001C4  002FE2      170F       0  CODE    
                mediumconst                    002FE2  00001A  002FFC      17F1       0  MEDIUMCO
                init                           002FFC  000005  003001      17FE       0  CODE    


UNUSED ADDRESS RANGES

        Name                Unused          Largest block    Delta
        BANK0            0076-00FF             8A
        BANK1            0100-01FF            100
        BANK2            0200-02FF            100
        BANK3            0300-03FF            100
        BANK4            0400-04FF            100
        BANK5            0500-05FF            100
        BIGRAM           0059-005F              7
                         0076-05FF            58A
        BIGSFR           0D00-0FFF            300
        CODE             0004-24DB           24D8
        COMRAM           0059-005F              7
        CONFIG           300000-30000D              E
        CONST            0004-24DB           24D8
        EEDATA           F00000-F000FF            100
        IDLOC            200000-200007              8
        MEDIUMCONST      0600-24DB           1EDC
        RAM              0076-05FF            100
        SFR              0D00-0FFF            100
        SMALLCONST       0600-24DB            100

                                  Symbol Table

?___lldiv                           cstackCOMRAM 000D
?___lmul                            cstackCOMRAM 0001
?___lwdiv                           cstackCOMRAM 0001
?___lwmod                           cstackCOMRAM 0001
?_get_engine_temp                   cstackCOMRAM 001A
?_get_msg_id_std                    cstackCOMRAM 0001
?_get_rpm                           cstackCOMRAM 001A
?_read_adc                          cstackCOMRAM 0001
_ACQT0                              (abs)        7E03
_ACQT1                              (abs)        7E04
_ACQT2                              (abs)        7E05
_ADCON0                             (abs)        0FC2
_ADCS0                              (abs)        7E00
_ADCS1                              (abs)        7E01
_ADCS2                              (abs)        7E02
_ADFM                               (abs)        7E07
_ADON                               (abs)        7E10
_ADRESH                             (abs)        0FC4
_ADRESL                             (abs)        0FC3
_BRGCON1                            (abs)        0F70
_BRGCON2                            (abs)        0F71
_BRGCON3                            (abs)        0F72
_CANCON                             (abs)        0F6F
_CANSTAT                            (abs)        0F6E
_ECANCON                            (abs)        0F77
_GO                                 (abs)        7E11
_GODONE                             (abs)        7E11
_PORTC                              (abs)        0F82
_PORTCbits                          (abs)        0F82
_PORTD                              (abs)        0F83
_PORTDbits                          (abs)        0F83
_RCIF                               (abs)        7CF5
_RCREG                              (abs)        0FAE
_RCSTAbits                          (abs)        0FAB
_RXB0CON                            (abs)        0F60
_RXB0D0                             (abs)        0F66
_RXB0DLC                            (abs)        0F65
_RXB0FUL                            (abs)        7B07
_RXB0IF                             (abs)        7D20
_RXB0SIDH                           (abs)        0F61
_RXB0SIDL                           (abs)        0F62
_RXF0EIDH                           (abs)        0F02
_RXF0EIDL                           (abs)        0F03
_RXF0SIDH                           (abs)        0F00
_RXF0SIDL                           (abs)        0F01
_RXFCON0                            (abs)        0DD4
_SPBRG                              (abs)        0FAF
_TRISB                              (abs)        0F93
_TRISB2                             (abs)        7C9A
_TRISB3                             (abs)        7C9B
_TRISC                              (abs)        0F94
_TRISC6                             (abs)        7CA6
_TRISC7                             (abs)        7CA7
_TRISD                              (abs)        0F95
_TRISD7                             (abs)        7CAF
_TXB0D0                             (abs)        0F46
_TXB0DLC                            (abs)        0F45
_TXB0EIDH                           (abs)        0F43
_TXB0EIDL                           (abs)        0F44
_TXB0REQ                            (abs)        7A03
_TXB0SIDH                           (abs)        0F41
_TXB0SIDL                           (abs)        0F42
_TXIF                               (abs)        7CF4
_TXREG                              (abs)        0FAD
_TXSTAbits                          (abs)        0FAC
_VCFG0                              (abs)        7E0C
_VCFG1                              (abs)        7E0D
__HRAM                              (abs)        0000
__H__absolute__                     __absolute__ 0000
__Habs1                             abs1         0000
__Hbank0                            bank0        0000
__Hbank1                            bank1        0000
__Hbank2                            bank2        0000
__Hbank3                            bank3        0000
__Hbank4                            bank4        0000
__Hbank5                            bank5        0000
__Hbigbss                           bigbss       0000
__Hbigdata                          bigdata      0000
__Hbigram                           bigram       0000
__Hbigsfr                           bigsfr       0000
__Hbss                              bss          0000
__HbssCOMRAM                        bssCOMRAM    0000
__Hcinit                            cinit        0000
__Hclrtext                          clrtext      0000
__Hcomram                           comram       0000
__Hconfig                           config       0000
__Hconst                            const        0000
__HcstackCOMRAM                     cstackCOMRAM 0000
__Hdata                             data         0000
__HdataBANK0                        dataBANK0    0000
__HdataCOMRAM                       dataCOMRAM   0000
__Heeprom_data                      eeprom_data  0000
__Hfarbss                           farbss       0000
__Hfardata                          fardata      0000
__Hheap                             heap         0000
__Hibigdata                         ibigdata     0000
__Hidata                            idata        0000
__HidataBANK0                       idataBANK0   0000
__HidataCOMRAM                      idataCOMRAM  0000
__Hidloc                            idloc        0000
__Hifardata                         ifardata     0000
__Hinit                             init         3000
__Hintcode                          intcode      0008
__Hintcode_body                     intcode_body 0000
__Hintcodelo                        intcodelo    0018
__Hintentry                         intentry     0000
__Hintret                           intret       0000
__Hintsave_regs                     intsave_regs 0000
__Hirdata                           irdata       0000
__Hmediumconst                      mediumconst  2FFC
__HnvFARRAM                         nvFARRAM     0000
__Hnvbit                            nvbit        0000
__Hnvrram                           nvrram       0000
__Hparam                            rparam       0000
__Hpowerup                          powerup      0000
__Hram                              ram          0000
__Hramtop                           ramtop       0600
__Hrbit                             rbit         0000
__Hrbss                             rbss         0000
__Hrdata                            rdata        0000
__Hreset_vec                        reset_vec    0004
__Hrparam                           rparam       0000
__Hsfr                              sfr          0000
__Hsivt_hi                          sivt_hi      0000
__Hsivt_lo                          sivt_lo      0018
__Hsmallconst                       smallconst   0000
__Hspace_0                          (abs)        3001
__Hspace_1                          (abs)        0076
__Hspace_2                          (abs)        0000
__Hspace_4                          (abs)        0000
__Hstack                            stack        0000
__Hstruct                           struct       0000
__Htemp                             temp         0000
__Htext                             text         0000
__Htext0                            text0        0000
__Htext1                            text1        0000
__Htext10                           text10       0000
__Htext11                           text11       0000
__Htext12                           text12       0000
__Htext13                           text13       0000
__Htext14                           text14       0000
__Htext15                           text15       0000
__Htext16                           text16       0000
__Htext17                           text17       0000
__Htext18                           text18       0000
__Htext19                           text19       0000
__Htext2                            text2        0000
__Htext20                           text20       0000
__Htext3                            text3        0000
__Htext4                            text4        0000
__Htext5                            text5        0000
__Htext6                            text6        0000
__Htext7                            text7        0000
__Htext8                            text8        0000
__Htext9                            text9        0000
__LRAM                              (abs)        0001
__L__absolute__                     __absolute__ 0000
__Labs1                             abs1         0000
__Lbank0                            bank0        0000
__Lbank1                            bank1        0000
__Lbank2                            bank2        0000
__Lbank3                            bank3        0000
__Lbank4                            bank4        0000
__Lbank5                            bank5        0000
__Lbigbss                           bigbss       0000
__Lbigdata                          bigdata      0000
__Lbigram                           bigram       0000
__Lbigsfr                           bigsfr       0000
__Lbss                              bss          0000
__LbssCOMRAM                        bssCOMRAM    0000
__Lcinit                            cinit        0000
__Lclrtext                          clrtext      0000
__Lcomram                           comram       0000
__Lconfig                           config       0000
__Lconst                            const        0000
__LcstackCOMRAM                     cstackCOMRAM 0000
__Ldata                             data         0000
__LdataBANK0                        dataBANK0    0000
__LdataCOMRAM                       dataCOMRAM   0000
__Leeprom_data                      eeprom_data  0000
__Lfarbss                           farbss       0000
__Lfardata                          fardata      0000
__Lheap                             heap         0000
__Libigdata                         ibigdata     0000
__Lidata                            idata        0000
__LidataBANK0                       idataBANK0   0000
__LidataCOMRAM                      idataCOMRAM  0000
__Lidloc                            idloc        0000
__Lifardata                         ifardata     0000
__Linit                             init         2FFC
__Lintcode                          intcode      0008
__Lintcode_body                     intcode_body 0000
__Lintcodelo                        intcodelo    0018
__Lintentry                         intentry     0000
__Lintret                           intret       0000
__Lintsave_regs                     intsave_regs 0000
__Lirdata                           irdata       0000
__Lmediumconst                      mediumconst  2FE2
__LnvFARRAM                         nvFARRAM     0000
__Lnvbit                            nvbit        0000
__Lnvrram                           nvrram       0000
__Lparam                            rparam       0000
__Lpowerup                          powerup      0000
__Lram                              ram          0000
__Lramtop                           ramtop       0600
__Lrbit                             rbit         0000
__Lrbss                             rbss         0000
__Lrdata                            rdata        0000
__Lreset_vec                        reset_vec    0000
__Lrparam                           rparam       0000
__Lsfr                              sfr          0000
__Lsivt_hi                          sivt_hi      0000
__Lsivt_lo                          sivt_lo      0018
__Lsmallconst                       smallconst   0000
__Lspace_0                          (abs)        0000
__Lspace_1                          (abs)        0000
__Lspace_2                          (abs)        0000
__Lspace_4                          (abs)        0000
__Lstack                            stack        0000
__Lstruct                           struct       0000
__Ltemp                             temp         0000
__Ltext                             text         0000
__Ltext0                            text0        0000
__Ltext1                            text1        0000
__Ltext10                           text10       0000
__Ltext11                           text11       0000
__Ltext12                           text12       0000
__Ltext13                           text13       0000
__Ltext14                           text14       0000
__Ltext15                           text15       0000
__Ltext16                           text16       0000
__Ltext17                           text17       0000
__Ltext18                           text18       0000
__Ltext19                           text19       0000
__Ltext2                            text2        0000
__Ltext20                           text20       0000
__Ltext3                            text3        0000
__Ltext4                            text4        0000
__Ltext5                            text5        0000
__Ltext6                            text6        0000
__Ltext7                            text7        0000
__Ltext8                            text8        0000
__Ltext9                            text9        0000
__S0                                (abs)        3001
__S1                                (abs)        0076
__S4                                (abs)        0000
__S5                                (abs)        0000
___heap_hi                          (abs)        0000
___heap_lo                          (abs)        0000
___inthi_sp                         stack        0000
___inthi_stack_hi                   stack        0000
___inthi_stack_lo                   stack        0000
___intlo_sp                         stack        0000
___intlo_stack_hi                   stack        0000
___intlo_stack_lo                   stack        0000
___lldiv                            text16       29BE
___lldiv@counter                    cstackCOMRAM 0019
___lldiv@dividend                   cstackCOMRAM 000D
___lldiv@divisor                    cstackCOMRAM 0011
___lldiv@quotient                   cstackCOMRAM 0015
___lmul                             text15       276C
___lmul@multiplicand                cstackCOMRAM 0005
___lmul@multiplier                  cstackCOMRAM 0001
___lmul@product                     cstackCOMRAM 0009
___lwdiv                            text14       2844
___lwdiv@counter                    cstackCOMRAM 0007
___lwdiv@dividend                   cstackCOMRAM 0001
___lwdiv@divisor                    cstackCOMRAM 0003
___lwdiv@quotient                   cstackCOMRAM 0005
___lwmod                            text13       2708
___lwmod@counter                    cstackCOMRAM 0005
___lwmod@dividend                   cstackCOMRAM 0001
___lwmod@divisor                    cstackCOMRAM 0003
___param_bank                       (abs)        0000
___rparam_used                      (abs)        0001
___sp                               stack        0000
___stack_hi                         stack        0000
___stack_lo                         stack        0000
__accesstop                         (abs)        0060
__activetblptr                      (abs)        0002
__end_of___lldiv                    text16       2A62
__end_of___lmul                     text15       27D6
__end_of___lwdiv                    text14       28B6
__end_of___lwmod                    text13       276C
__end_of__initialization            cinit        26A0
__end_of_can_receive                text19       29BE
__end_of_can_transmit               text17       2844
__end_of_get_engine_temp            text9        2E1E
__end_of_get_msg_id_std             text20       259C
__end_of_get_rpm                    text8        2FE2
__end_of_init_adc                   text7        2546
__end_of_init_can                   text6        261C
__end_of_init_config                text3        252A
__end_of_init_digital_keypad        text5        24E4
__end_of_init_uart                  text4        2562
__end_of_main                       text0        2B6A
__end_of_process_indicator          text1        2C98
__end_of_putch                      text12       2512
__end_of_puts                       text11       2708
__end_of_read_adc                   text10       2662
__end_of_read_digital_keypad        text2        292A
__end_of_set_msg_id_std             text18       25D8
__initialization                    cinit        2662
__mediumconst                       mediumconst  2FE2
__pbssCOMRAM                        bssCOMRAM    0051
__pcinit                            cinit        2662
__pcstackCOMRAM                     cstackCOMRAM 0001
__pdataBANK0                        dataBANK0    0060
__pdataCOMRAM                       dataCOMRAM   0058
__pidataBANK0                       idataBANK0   24E4
__pidataCOMRAM                      idataCOMRAM  3000
__pmediumconst                      mediumconst  2FE2
__ptext0                            text0        2A62
__ptext1                            text1        2B6A
__ptext10                           text10       261C
__ptext11                           text11       26AA
__ptext12                           text12       24FA
__ptext13                           text13       2708
__ptext14                           text14       2844
__ptext15                           text15       276C
__ptext16                           text16       29BE
__ptext17                           text17       27D6
__ptext18                           text18       259C
__ptext19                           text19       292A
__ptext2                            text2        28B6
__ptext20                           text20       2562
__ptext3                            text3        2512
__ptext4                            text4        2546
__ptext5                            text5        24DC
__ptext6                            text6        25D8
__ptext7                            text7        252A
__ptext8                            text8        2E1E
__ptext9                            text9        2C98
__ramtop                            ramtop       0600
__smallconst                        mediumconst  2FE2
_can_receive                        text19       292A
_can_transmit                       text17       27D6
_get_engine_temp                    text9        2C98
_get_msg_id_std                     text20       2562
_get_rpm                            text8        2E1E
_init_adc                           text7        252A
_init_can                           text6        25D8
_init_config                        text3        2512
_init_digital_keypad                text5        24DC
_init_uart                          text4        2546
_main                               text0        2A62
_process_indicator                  text1        2B6A
_putch                              text12       24FA
_puts                               text11       26AA
_read_adc                           text10       261C
_read_digital_keypad                text2        28B6
_set_msg_id_std                     text18       259C
can_receive@data                    cstackCOMRAM 000A
can_receive@i                       cstackCOMRAM 0011
can_receive@len                     cstackCOMRAM 000B
can_receive@msg_id                  cstackCOMRAM 0009
can_receive@ptr                     cstackCOMRAM 000F
can_transmit@data                   cstackCOMRAM 0007
can_transmit@i                      cstackCOMRAM 000E
can_transmit@len                    cstackCOMRAM 0008
can_transmit@msg_id                 cstackCOMRAM 0005
can_transmit@ptr                    cstackCOMRAM 000C
end_of_initialization               cinit        26A0
get_engine_temp@F10832              dataBANK0    006C
get_engine_temp@delay               bssCOMRAM    0051
get_engine_temp@digits              cstackCOMRAM 002C
get_engine_temp@idx                 cstackCOMRAM 002A
get_engine_temp@temp                cstackCOMRAM 0030
get_engine_temp@temp_adc_val        cstackCOMRAM 0028
get_engine_temp@temperature         cstackCOMRAM 002E
get_engine_temp@temperature_str     cstackCOMRAM 001E
get_msg_id_std@id                   cstackCOMRAM 0007
get_rpm@F10823                      dataBANK0    0060
get_rpm@delay                       bssCOMRAM    0053
get_rpm@digits                      cstackCOMRAM 0034
get_rpm@i                           cstackCOMRAM 0036
get_rpm@idx                         cstackCOMRAM 0032
get_rpm@pot_val                     cstackCOMRAM 002C
get_rpm@rpm                         cstackCOMRAM 0037
get_rpm@rpm_str                     cstackCOMRAM 0020
get_rpm@sum                         cstackCOMRAM 002E
get_rpm@temp                        cstackCOMRAM 0039
intlevel0                           text         0000
intlevel1                           text         0000
intlevel2                           text         0000
intlevel3                           text         0000
isa$std                             (abs)        0001
isa$xinst                           (abs)        0000
main@collision_flag                 cstackCOMRAM 0046
main@data                           cstackCOMRAM 003C
main@engine_temp                    cstackCOMRAM 0047
main@engine_temp_arr                cstackCOMRAM 0044
main@indicator                      cstackCOMRAM 004D
main@len                            cstackCOMRAM 004E
main@msg_id                         cstackCOMRAM 0049
main@rpm                            cstackCOMRAM 004F
main@rpm_arr                        cstackCOMRAM 004B
process_indicator@hazard_status     bssCOMRAM    0055
process_indicator@key               cstackCOMRAM 0004
process_indicator@left_indi_status  bssCOMRAM    0057
process_indicator@right_indi_status bssCOMRAM    0056
putch@byte                          cstackCOMRAM 0001
puts@s                              cstackCOMRAM 0002
read_adc@channel                    cstackCOMRAM 0007
read_adc@reg_val                    cstackCOMRAM 0005
read_digital_keypad@detection_type  cstackCOMRAM 0001
read_digital_keypad@once            dataCOMRAM   0058
set_msg_id_std@id                   cstackCOMRAM 0001
stackhi                             (abs)        0000
stacklo                             (abs)        0000
start                               init         2FFC
start_initialization                cinit        2662


MODULE INFORMATION

Module		Function		Class		Link	Load	Size
ecu2_sensor.c
		_get_engine_temp		CODE           	2C98	0000	390
		_process_indicator		CODE           	2B6A	0000	302
		_get_rpm       		CODE           	2E1E	0000	452

ecu2_sensor.c estimated size: 1144

digital_keypad.c
		_init_digital_keypad		CODE           	24DC	0000	8
		_read_digital_keypad		CODE           	28B6	0000	116

digital_keypad.c estimated size: 124

C:\Program Files\Microchip\xc8\v3.10\pic\sources\c99\common\lwmod.c
		___lwmod       		CODE           	2708	0000	100

C:\Program Files\Microchip\xc8\v3.10\pic\sources\c99\common\lwmod.c estimated size: 100

ecu2_main.c
		_main          		CODE           	2A62	0000	264
		_init_config   		CODE           	2512	0000	24

ecu2_main.c estimated size: 288

uart.c
		_putch         		CODE           	24FA	0000	24
		_init_uart     		CODE           	2546	0000	28
		_puts          		CODE           	26AA	0000	94

uart.c estimated size: 146

C:\Program Files\Microchip\xc8\v3.10\pic\sources\c99\common\Umul32.c
		___lmul        		CODE           	276C	0000	106

C:\Program Files\Microchip\xc8\v3.10\pic\sources\c99\common\Umul32.c estimated size: 106

C:\Program Files\Microchip\xc8\v3.10\pic\sources\c99\common\lwdiv.c
		___lwdiv       		CODE           	2844	0000	114

C:\Program Files\Microchip\xc8\v3.10\pic\sources\c99\common\lwdiv.c estimated size: 114

adc.c
		_init_adc      		CODE           	252A	0000	28
		_read_adc      		CODE           	261C	0000	70

adc.c estimated size: 98

shared
		__initialization		CODE           	2662	0000	62

shared estimated size: 62

can.c
		_set_msg_id_std		CODE           	259C	0000	60
		_can_transmit  		CODE           	27D6	0000	110
		_init_can      		CODE           	25D8	0000	68
		_can_receive   		CODE           	292A	0000	148
		_get_msg_id_std		CODE           	2562	0000	58

can.c estimated size: 444

C:\Program Files\Microchip\xc8\v3.10\pic\sources\c99\common\__lldiv.c
		___lldiv       		CODE           	29BE	0000	164

C:\Program Files\Microchip\xc8\v3.10\pic\sources\c99\common\__lldiv.c estimated size: 164

