Microchip MPLAB XC8 Compiler V3.10

Linker command line:

-W-3 \
  --edf=C:\Program Files\Microchip\xc8\v3.10\pic\dat\20250813170317_en.msgs \
  -cn -h+dist/default/production\ECU1.X.production.sym \
  --cmf=dist/default/production\ECU1.X.production.cmf -z -Q18F4580 \
  -oC:\Users\GUHANE~1\AppData\Local\Temp\xcAs4pk.0\driver_tmp_3.o \
  --defsym=__MPLAB_BUILD=1 --fixupoverflow=error \
  -Mdist/default/production/ECU1.X.production.map \
  --md=C:\Users\GUHANE~1\AppData\Local\Temp\xcAs4pk.0\driver_tmp_0.dat -E1 \
  -ver=XC8 Compiler -ACODE=00h-03000h -ACONST=00h-03000h \
  -ASMALLCONST=0600h-06FFhx42,03000h-03000h -AMEDIUMCONST=0600h-03000h \
  -ACOMRAM=01h-05Fh -AABS1=00h-05FFh -ABIGRAM=01h-05FFh \
  -ARAM=060h-0FFh,0100h-01FFhx5 -ABANK0=060h-0FFh -ABANK1=0100h-01FFh \
  -ABANK2=0200h-02FFh -ABANK3=0300h-03FFh -ABANK4=0400h-04FFh \
  -ABANK5=0500h-05FFh -ASFR=0D00h-0DFFhx2,0F00h-0F5Fh,0F60h-0FFFh \
  -ABIGSFR=0D00h-0FFFh -ACONFIG=0300000h-030000Dh -AIDLOC=0200000h-0200007h \
  -AEEDATA=0F00000h-0F000FFh -peeprom_data=EEDATA \
  -preset_vec=00h,intcode=8h,intcodelo=18h,sivt_lo,sivt_hi=CODE \
  -ppowerup=CODE,init -pramtop=0600h -psmallconst=SMALLCONST \
  -pmediumconst=MEDIUMCONST -pconst=CONST -AFARRAM=00h-00h \
  -prdata=COMRAM,nvrram=COMRAM,nvbit=COMRAM,rbss=COMRAM,rbit=COMRAM \
  -pfarbss=FARRAM,fardata=FARRAM,nvFARRAM=FARRAM \
  -pintsave_regs=BIGRAM,bigbss=BIGRAM,bigdata=BIGRAM -pbss=RAM \
  -pidata=CODE,irdata=CODE,ibigdata=CODE,ifardata=CODE -prparam=COMRAM \
  C:\Users\GUHANE~1\AppData\Local\Temp\xcAs4pk.0\driver_tmp_9.o \
  dist/default/production\ECU1.X.production.o 

Object code version is 3.11

Machine type is 18F4580



                Name                               Link     Load   Length Selector   Space Scale
C:\Users\GUHANE~1\AppData\Local\Temp\xcAs4pk.0\driver_tmp_9.o
                init                               2FFC     2FFC        4     17FE       0
                reset_vec                             0        0        4        0       0
dist/default/production\ECU1.X.production.o
                mediumconst                        2FD6     2FD6       26     17EB       0
                text17                             2826     2826       3C     1413       0
                text16                             2A6E     2A6E       6E     1537       0
                text15                             27D6     27D6       18     13EB       0
                text14                             2942     2942       5E     14A1       0
                text13                             2B4E     2B4E       74     15A7       0
                text12                             2C66     2C66       CC     1633       0
                text11                             2BC2     2BC2       A4     15E1       0
                text10                             2A04     2A04       6A     1502       0
                text9                              2ADC     2ADC       72     156E       0
                text8                              29A0     29A0       64     14D0       0
                text7                              28A6     28A6       46     1453       0
                text6                              2E12     2E12      1C4     1709       0
                text5                              27EE     27EE       1C     13F7       0
                text4                              2862     2862       44     1431       0
                text3                              279E     279E        8     13CF       0
                text2                              280A     280A       1C     1405       0
                text1                              27C4     27C4       12     13E2       0
                text0                              2D32     2D32       E0     1699       0
                cstackCOMRAM                          1        1       42        1       1
                dataBANK0                            60       60       10       60       1
                dataCOMRAM                           43       43        D        1       1
                bssCOMRAM                            50       50        8        1       1
                cinit                              28EC     28EC       56     1476       0
                idataBANK0                         27B4     27B4       10     27B4       0
                idataCOMRAM                        27A7     27A7        D     27A7       0

TOTAL           Name                               Link     Load   Length     Space
        CLASS   CODE           
                init                               2FFC     2FFC        4         0
                reset_vec                             0        0        4         0
                text17                             2826     2826       3C         0
                text16                             2A6E     2A6E       6E         0
                text15                             27D6     27D6       18         0
                text14                             2942     2942       5E         0
                text13                             2B4E     2B4E       74         0
                text12                             2C66     2C66       CC         0
                text11                             2BC2     2BC2       A4         0
                text10                             2A04     2A04       6A         0
                text9                              2ADC     2ADC       72         0
                text8                              29A0     29A0       64         0
                text7                              28A6     28A6       46         0
                text6                              2E12     2E12      1C4         0
                text5                              27EE     27EE       1C         0
                text4                              2862     2862       44         0
                text3                              279E     279E        8         0
                text2                              280A     280A       1C         0
                text1                              27C4     27C4       12         0
                text0                              2D32     2D32       E0         0
                cinit                              28EC     28EC       56         0
                idataBANK0                         27B4     27B4       10         0
                idataCOMRAM                        27A7     27A7        D         0

        CLASS   CONST          

        CLASS   SMALLCONST     

        CLASS   MEDIUMCONST    
                mediumconst                        2FD6     2FD6       26         0

        CLASS   COMRAM         
                cstackCOMRAM                          1        1       42         1
                dataCOMRAM                           43       43        D         1
                bssCOMRAM                            50       50        8         1

        CLASS   ABS1           

        CLASS   BIGRAM         

        CLASS   RAM            

        CLASS   BANK0          
                dataBANK0                            60       60       10         1

        CLASS   BANK1          

        CLASS   BANK2          

        CLASS   BANK3          

        CLASS   BANK4          

        CLASS   BANK5          

        CLASS   SFR            

        CLASS   BIGSFR         

        CLASS   CONFIG         

        CLASS   IDLOC          

        CLASS   EEDATA         

        CLASS   FARRAM         

        CLASS   HEAP           

        CLASS   STACK          



SEGMENTS        Name                           Load    Length   Top    Selector   Space  Class

                reset_vec                      000000  000004  000004         0       0  CODE    
                cstackCOMRAM                   000001  000057  000058         1       1  COMRAM  
                dataBANK0                      000060  000010  000070        60       1  BANK0   
                text3                          00279E  000008  0027A6      13CF       0  CODE    
                idataCOMRAM                    0027A7  00000D  0027B4      27A7       0  CODE    
                idataBANK0                     0027B4  000010  0027C4      27B4       0  CODE    
                text1                          0027C4  000012  0027D6      13E2       0  CODE    
                text15                         0027D6  000018  0027EE      13EB       0  CODE    
                text5                          0027EE  00001C  00280A      13F7       0  CODE    
                text2                          00280A  00001C  002826      1405       0  CODE    
                text17                         002826  00003C  002862      1413       0  CODE    
                text4                          002862  000044  0028A6      1431       0  CODE    
                text7                          0028A6  000046  0028EC      1453       0  CODE    
                cinit                          0028EC  000056  002942      1476       0  CODE    
                text14                         002942  00005E  0029A0      14A1       0  CODE    
                text8                          0029A0  000064  002A04      14D0       0  CODE    
                text10                         002A04  00006A  002A6E      1502       0  CODE    
                text16                         002A6E  00006E  002ADC      1537       0  CODE    
                text9                          002ADC  000072  002B4E      156E       0  CODE    
                text13                         002B4E  000074  002BC2      15A7       0  CODE    
                text11                         002BC2  0000A4  002C66      15E1       0  CODE    
                text12                         002C66  0000CC  002D32      1633       0  CODE    
                text0                          002D32  0000E0  002E12      1699       0  CODE    
                text6                          002E12  0001C4  002FD6      1709       0  CODE    
                mediumconst                    002FD6  000026  002FFC      17EB       0  MEDIUMCO
                init                           002FFC  000004  003000      17FE       0  CODE    


UNUSED ADDRESS RANGES

        Name                Unused          Largest block    Delta
        BANK0            0070-00FF             90
        BANK1            0100-01FF            100
        BANK2            0200-02FF            100
        BANK3            0300-03FF            100
        BANK4            0400-04FF            100
        BANK5            0500-05FF            100
        BIGRAM           0058-005F              8
                         0070-05FF            590
        BIGSFR           0D00-0FFF            300
        CODE             0004-279D           279A
                         27A6-27A6              1
                         3000-3000              1
        COMRAM           0058-005F              8
        CONFIG           300000-30000D              E
        CONST            0004-279D           279A
                         27A6-27A6              1
                         3000-3000              1
        EEDATA           F00000-F000FF            100
        IDLOC            200000-200007              8
        MEDIUMCONST      0600-279D           219E
                         27A6-27A6              1
                         3000-3000              1
        RAM              0070-05FF            100
        SFR              0D00-0FFF            100
        SMALLCONST       0600-279D            100
                         27A6-27A6              1
                         3000-3000              1

                                  Symbol Table

?___lldiv                          cstackCOMRAM 000D
?___lmul                           cstackCOMRAM 0001
?___lwdiv                          cstackCOMRAM 0001
?___lwmod                          cstackCOMRAM 0001
?_get_speed                        cstackCOMRAM 001A
?_read_adc                         cstackCOMRAM 0001
_ACQT0                             (abs)        7E03
_ACQT1                             (abs)        7E04
_ACQT2                             (abs)        7E05
_ADCON0                            (abs)        0FC2
_ADCS0                             (abs)        7E00
_ADCS1                             (abs)        7E01
_ADCS2                             (abs)        7E02
_ADFM                              (abs)        7E07
_ADON                              (abs)        7E10
_ADRESH                            (abs)        0FC4
_ADRESL                            (abs)        0FC3
_BRGCON1                           (abs)        0F70
_BRGCON2                           (abs)        0F71
_BRGCON3                           (abs)        0F72
_CANCON                            (abs)        0F6F
_CANSTAT                           (abs)        0F6E
_ECANCON                           (abs)        0F77
_GO                                (abs)        7E11
_GODONE                            (abs)        7E11
_PORTC                             (abs)        0F82
_PORTCbits                         (abs)        0F82
_PORTD                             (abs)        0F83
_PORTDbits                         (abs)        0F83
_RCIF                              (abs)        7CF5
_RCSTAbits                         (abs)        0FAB
_RXB0CON                           (abs)        0F60
_RXB0D0                            (abs)        0F66
_RXB0DLC                           (abs)        0F65
_RXB0FUL                           (abs)        7B07
_RXB0IF                            (abs)        7D20
_RXB0SIDH                          (abs)        0F61
_RXB0SIDL                          (abs)        0F62
_RXF0EIDH                          (abs)        0F02
_RXF0EIDL                          (abs)        0F03
_RXF0SIDH                          (abs)        0F00
_RXF0SIDL                          (abs)        0F01
_RXFCON0                           (abs)        0DD4
_SPBRG                             (abs)        0FAF
_TRISB2                            (abs)        7C9A
_TRISB3                            (abs)        7C9B
_TRISC                             (abs)        0F94
_TRISC6                            (abs)        7CA6
_TRISC7                            (abs)        7CA7
_TRISD                             (abs)        0F95
_TRISD7                            (abs)        7CAF
_TXB0D0                            (abs)        0F46
_TXB0DLC                           (abs)        0F45
_TXB0EIDH                          (abs)        0F43
_TXB0EIDL                          (abs)        0F44
_TXB0REQ                           (abs)        7A03
_TXB0SIDH                          (abs)        0F41
_TXB0SIDL                          (abs)        0F42
_TXIF                              (abs)        7CF4
_TXREG                             (abs)        0FAD
_TXSTAbits                         (abs)        0FAC
_VCFG0                             (abs)        7E0C
_VCFG1                             (abs)        7E0D
__HRAM                             (abs)        0000
__H__absolute__                    __absolute__ 0000
__Habs1                            abs1         0000
__Hbank0                           bank0        0000
__Hbank1                           bank1        0000
__Hbank2                           bank2        0000
__Hbank3                           bank3        0000
__Hbank4                           bank4        0000
__Hbank5                           bank5        0000
__Hbigbss                          bigbss       0000
__Hbigdata                         bigdata      0000
__Hbigram                          bigram       0000
__Hbigsfr                          bigsfr       0000
__Hbss                             bss          0000
__HbssCOMRAM                       bssCOMRAM    0000
__Hcinit                           cinit        0000
__Hclrtext                         clrtext      0000
__Hcomram                          comram       0000
__Hconfig                          config       0000
__Hconst                           const        0000
__HcstackCOMRAM                    cstackCOMRAM 0000
__Hdata                            data         0000
__HdataBANK0                       dataBANK0    0000
__HdataCOMRAM                      dataCOMRAM   0000
__Heeprom_data                     eeprom_data  0000
__Hfarbss                          farbss       0000
__Hfardata                         fardata      0000
__Hheap                            heap         0000
__Hibigdata                        ibigdata     0000
__Hidata                           idata        0000
__HidataBANK0                      idataBANK0   0000
__HidataCOMRAM                     idataCOMRAM  0000
__Hidloc                           idloc        0000
__Hifardata                        ifardata     0000
__Hinit                            init         3000
__Hintcode                         intcode      0008
__Hintcode_body                    intcode_body 0000
__Hintcodelo                       intcodelo    0018
__Hintentry                        intentry     0000
__Hintret                          intret       0000
__Hintsave_regs                    intsave_regs 0000
__Hirdata                          irdata       0000
__Hmediumconst                     mediumconst  2FFC
__HnvFARRAM                        nvFARRAM     0000
__Hnvbit                           nvbit        0000
__Hnvrram                          nvrram       0000
__Hparam                           rparam       0000
__Hpowerup                         powerup      0000
__Hram                             ram          0000
__Hramtop                          ramtop       0600
__Hrbit                            rbit         0000
__Hrbss                            rbss         0000
__Hrdata                           rdata        0000
__Hreset_vec                       reset_vec    0004
__Hrparam                          rparam       0000
__Hsfr                             sfr          0000
__Hsivt_hi                         sivt_hi      0000
__Hsivt_lo                         sivt_lo      0018
__Hsmallconst                      smallconst   0000
__Hspace_0                         (abs)        3000
__Hspace_1                         (abs)        0070
__Hspace_2                         (abs)        0000
__Hspace_4                         (abs)        0000
__Hstack                           stack        0000
__Hstruct                          struct       0000
__Htemp                            temp         0000
__Htext                            text         0000
__Htext0                           text0        0000
__Htext1                           text1        0000
__Htext10                          text10       0000
__Htext11                          text11       0000
__Htext12                          text12       0000
__Htext13                          text13       0000
__Htext14                          text14       0000
__Htext15                          text15       0000
__Htext16                          text16       0000
__Htext17                          text17       0000
__Htext2                           text2        0000
__Htext3                           text3        0000
__Htext4                           text4        0000
__Htext5                           text5        0000
__Htext6                           text6        0000
__Htext7                           text7        0000
__Htext8                           text8        0000
__Htext9                           text9        0000
__LRAM                             (abs)        0001
__L__absolute__                    __absolute__ 0000
__Labs1                            abs1         0000
__Lbank0                           bank0        0000
__Lbank1                           bank1        0000
__Lbank2                           bank2        0000
__Lbank3                           bank3        0000
__Lbank4                           bank4        0000
__Lbank5                           bank5        0000
__Lbigbss                          bigbss       0000
__Lbigdata                         bigdata      0000
__Lbigram                          bigram       0000
__Lbigsfr                          bigsfr       0000
__Lbss                             bss          0000
__LbssCOMRAM                       bssCOMRAM    0000
__Lcinit                           cinit        0000
__Lclrtext                         clrtext      0000
__Lcomram                          comram       0000
__Lconfig                          config       0000
__Lconst                           const        0000
__LcstackCOMRAM                    cstackCOMRAM 0000
__Ldata                            data         0000
__LdataBANK0                       dataBANK0    0000
__LdataCOMRAM                      dataCOMRAM   0000
__Leeprom_data                     eeprom_data  0000
__Lfarbss                          farbss       0000
__Lfardata                         fardata      0000
__Lheap                            heap         0000
__Libigdata                        ibigdata     0000
__Lidata                           idata        0000
__LidataBANK0                      idataBANK0   0000
__LidataCOMRAM                     idataCOMRAM  0000
__Lidloc                           idloc        0000
__Lifardata                        ifardata     0000
__Linit                            init         2FFC
__Lintcode                         intcode      0008
__Lintcode_body                    intcode_body 0000
__Lintcodelo                       intcodelo    0018
__Lintentry                        intentry     0000
__Lintret                          intret       0000
__Lintsave_regs                    intsave_regs 0000
__Lirdata                          irdata       0000
__Lmediumconst                     mediumconst  2FD6
__LnvFARRAM                        nvFARRAM     0000
__Lnvbit                           nvbit        0000
__Lnvrram                          nvrram       0000
__Lparam                           rparam       0000
__Lpowerup                         powerup      0000
__Lram                             ram          0000
__Lramtop                          ramtop       0600
__Lrbit                            rbit         0000
__Lrbss                            rbss         0000
__Lrdata                           rdata        0000
__Lreset_vec                       reset_vec    0000
__Lrparam                          rparam       0000
__Lsfr                             sfr          0000
__Lsivt_hi                         sivt_hi      0000
__Lsivt_lo                         sivt_lo      0018
__Lsmallconst                      smallconst   0000
__Lspace_0                         (abs)        0000
__Lspace_1                         (abs)        0000
__Lspace_2                         (abs)        0000
__Lspace_4                         (abs)        0000
__Lstack                           stack        0000
__Lstruct                          struct       0000
__Ltemp                            temp         0000
__Ltext                            text         0000
__Ltext0                           text0        0000
__Ltext1                           text1        0000
__Ltext10                          text10       0000
__Ltext11                          text11       0000
__Ltext12                          text12       0000
__Ltext13                          text13       0000
__Ltext14                          text14       0000
__Ltext15                          text15       0000
__Ltext16                          text16       0000
__Ltext17                          text17       0000
__Ltext2                           text2        0000
__Ltext3                           text3        0000
__Ltext4                           text4        0000
__Ltext5                           text5        0000
__Ltext6                           text6        0000
__Ltext7                           text7        0000
__Ltext8                           text8        0000
__Ltext9                           text9        0000
__S0                               (abs)        3000
__S1                               (abs)        0070
__S4                               (abs)        0000
__S5                               (abs)        0000
___heap_hi                         (abs)        0000
___heap_lo                         (abs)        0000
___inthi_sp                        stack        0000
___inthi_stack_hi                  stack        0000
___inthi_stack_lo                  stack        0000
___intlo_sp                        stack        0000
___intlo_stack_hi                  stack        0000
___intlo_stack_lo                  stack        0000
___lldiv                           text11       2BC2
___lldiv@counter                   cstackCOMRAM 0019
___lldiv@dividend                  cstackCOMRAM 000D
___lldiv@divisor                   cstackCOMRAM 0011
___lldiv@quotient                  cstackCOMRAM 0015
___lmul                            text10       2A04
___lmul@multiplicand               cstackCOMRAM 0005
___lmul@multiplier                 cstackCOMRAM 0001
___lmul@product                    cstackCOMRAM 0009
___lwdiv                           text9        2ADC
___lwdiv@counter                   cstackCOMRAM 0007
___lwdiv@dividend                  cstackCOMRAM 0001
___lwdiv@divisor                   cstackCOMRAM 0003
___lwdiv@quotient                  cstackCOMRAM 0005
___lwmod                           text8        29A0
___lwmod@counter                   cstackCOMRAM 0005
___lwmod@dividend                  cstackCOMRAM 0001
___lwmod@divisor                   cstackCOMRAM 0003
___param_bank                      (abs)        0000
___rparam_used                     (abs)        0001
___sp                              stack        0000
___stack_hi                        stack        0000
___stack_lo                        stack        0000
__accesstop                        (abs)        0060
__activetblptr                     (abs)        0002
__end_of___lldiv                   text11       2C66
__end_of___lmul                    text10       2A6E
__end_of___lwdiv                   text9        2B4E
__end_of___lwmod                   text8        2A04
__end_of__initialization           cinit        2938
__end_of_can_transmit              text16       2ADC
__end_of_get_gear_pos              text12       2D32
__end_of_get_speed                 text6        2FD6
__end_of_init_adc                  text5        280A
__end_of_init_can                  text4        28A6
__end_of_init_config               text1        27D6
__end_of_init_digital_keypad       text3        27A6
__end_of_init_uart                 text2        2826
__end_of_main                      text0        2E12
__end_of_putch                     text15       27EE
__end_of_puts                      text14       29A0
__end_of_read_adc                  text7        28EC
__end_of_read_digital_keypad       text13       2BC2
__end_of_set_msg_id_std            text17       2862
__initialization                   cinit        28EC
__mediumconst                      mediumconst  2FD6
__pbssCOMRAM                       bssCOMRAM    0050
__pcinit                           cinit        28EC
__pcstackCOMRAM                    cstackCOMRAM 0001
__pdataBANK0                       dataBANK0    0060
__pdataCOMRAM                      dataCOMRAM   0043
__pidataBANK0                      idataBANK0   27B4
__pidataCOMRAM                     idataCOMRAM  27A7
__pmediumconst                     mediumconst  2FD6
__ptext0                           text0        2D32
__ptext1                           text1        27C4
__ptext10                          text10       2A04
__ptext11                          text11       2BC2
__ptext12                          text12       2C66
__ptext13                          text13       2B4E
__ptext14                          text14       2942
__ptext15                          text15       27D6
__ptext16                          text16       2A6E
__ptext17                          text17       2826
__ptext2                           text2        280A
__ptext3                           text3        279E
__ptext4                           text4        2862
__ptext5                           text5        27EE
__ptext6                           text6        2E12
__ptext7                           text7        28A6
__ptext8                           text8        29A0
__ptext9                           text9        2ADC
__ramtop                           ramtop       0600
__smallconst                       mediumconst  2FD6
_can_transmit                      text16       2A6E
_collision_flag                    bssCOMRAM    0057
_gear                              dataBANK0    0060
_get_gear_pos                      text12       2C66
_get_speed                         text6        2E12
_init_adc                          text5        27EE
_init_can                          text4        2862
_init_config                       text1        27C4
_init_digital_keypad               text3        279E
_init_uart                         text2        280A
_main                              text0        2D32
_putch                             text15       27D6
_puts                              text14       2942
_read_adc                          text7        28A6
_read_digital_keypad               text13       2B4E
_set_msg_id_std                    text17       2826
can_transmit@data                  cstackCOMRAM 0007
can_transmit@i                     cstackCOMRAM 000E
can_transmit@len                   cstackCOMRAM 0008
can_transmit@msg_id                cstackCOMRAM 0005
can_transmit@ptr                   cstackCOMRAM 000C
end_of_initialization              cinit        2938
get_gear_pos@delay                 bssCOMRAM    0050
get_gear_pos@idx                   bssCOMRAM    0056
get_gear_pos@key                   cstackCOMRAM 0006
get_speed@F10815                   dataCOMRAM   0043
get_speed@adc_val                  cstackCOMRAM 002C
get_speed@delay                    bssCOMRAM    0052
get_speed@digits                   cstackCOMRAM 0036
get_speed@i                        cstackCOMRAM 003A
get_speed@idx                      cstackCOMRAM 0032
get_speed@n                        cstackCOMRAM 0038
get_speed@speed                    cstackCOMRAM 0034
get_speed@speed_str                cstackCOMRAM 0020
get_speed@sum                      cstackCOMRAM 002E
get_speed@temp                     cstackCOMRAM 003B
intlevel0                          text         0000
intlevel1                          text         0000
intlevel2                          text         0000
intlevel3                          text         0000
isa$std                            (abs)        0001
isa$xinst                          (abs)        0000
main@gear                          cstackCOMRAM 0040
main@speed                         cstackCOMRAM 0041
main@speed_data                    cstackCOMRAM 003E
putch@byte                         cstackCOMRAM 0001
puts@s                             cstackCOMRAM 0002
read_adc@channel                   cstackCOMRAM 0007
read_adc@reg_val                   cstackCOMRAM 0005
read_digital_keypad@detection_type cstackCOMRAM 0001
read_digital_keypad@once           dataCOMRAM   004F
set_msg_id_std@id                  cstackCOMRAM 0001
stackhi                            (abs)        0000
stacklo                            (abs)        0000
start                              init         2FFC
start_initialization               cinit        28EC


MODULE INFORMATION

Module		Function		Class		Link	Load	Size
digital_keypad.c
		_init_digital_keypad		CODE           	279E	0000	8
		_read_digital_keypad		CODE           	2B4E	0000	116

digital_keypad.c estimated size: 124

C:\Program Files\Microchip\xc8\v3.10\pic\sources\c99\common\lwmod.c
		___lwmod       		CODE           	29A0	0000	100

C:\Program Files\Microchip\xc8\v3.10\pic\sources\c99\common\lwmod.c estimated size: 100

uart.c
		_putch         		CODE           	27D6	0000	24
		_init_uart     		CODE           	280A	0000	28
		_puts          		CODE           	2942	0000	94

uart.c estimated size: 146

C:\Program Files\Microchip\xc8\v3.10\pic\sources\c99\common\Umul32.c
		___lmul        		CODE           	2A04	0000	106

C:\Program Files\Microchip\xc8\v3.10\pic\sources\c99\common\Umul32.c estimated size: 106

ecu1_main.c
		_main          		CODE           	2D32	0000	224
		_init_config   		CODE           	27C4	0000	18

ecu1_main.c estimated size: 242

C:\Program Files\Microchip\xc8\v3.10\pic\sources\c99\common\lwdiv.c
		___lwdiv       		CODE           	2ADC	0000	114

C:\Program Files\Microchip\xc8\v3.10\pic\sources\c99\common\lwdiv.c estimated size: 114

adc.c
		_init_adc      		CODE           	27EE	0000	28
		_read_adc      		CODE           	28A6	0000	70

adc.c estimated size: 98

shared
		__initialization		CODE           	28EC	0000	76

shared estimated size: 76

ecu1_sensor.c
		_get_speed     		CODE           	2E12	0000	452
		_get_gear_pos  		CODE           	2C66	0000	204

ecu1_sensor.c estimated size: 656

can.c
		_set_msg_id_std		CODE           	2826	0000	60
		_can_transmit  		CODE           	2A6E	0000	110
		_init_can      		CODE           	2862	0000	68

can.c estimated size: 238

C:\Program Files\Microchip\xc8\v3.10\pic\sources\c99\common\__lldiv.c
		___lldiv       		CODE           	2BC2	0000	164

C:\Program Files\Microchip\xc8\v3.10\pic\sources\c99\common\__lldiv.c estimated size: 164

